mode: atomic
github.com/rafaribe/reaplet/internal/interfaces/http/handler.go:17.88,22.2 1 11
github.com/rafaribe/reaplet/internal/interfaces/http/handler.go:24.48,25.37 1 11
github.com/rafaribe/reaplet/internal/interfaces/http/handler.go:25.37,32.3 6 11
github.com/rafaribe/reaplet/internal/interfaces/http/handler.go:35.68,37.16 2 3
github.com/rafaribe/reaplet/internal/interfaces/http/handler.go:37.16,40.3 2 1
github.com/rafaribe/reaplet/internal/interfaces/http/handler.go:41.2,41.36 1 2
github.com/rafaribe/reaplet/internal/interfaces/http/handler.go:44.67,47.16 3 2
github.com/rafaribe/reaplet/internal/interfaces/http/handler.go:47.16,50.3 2 0
github.com/rafaribe/reaplet/internal/interfaces/http/handler.go:51.2,51.17 1 2
github.com/rafaribe/reaplet/internal/interfaces/http/handler.go:51.17,54.3 2 1
github.com/rafaribe/reaplet/internal/interfaces/http/handler.go:55.2,55.35 1 1
github.com/rafaribe/reaplet/internal/interfaces/http/handler.go:58.71,60.16 2 1
github.com/rafaribe/reaplet/internal/interfaces/http/handler.go:60.16,63.3 2 0
github.com/rafaribe/reaplet/internal/interfaces/http/handler.go:64.2,64.37 1 1
github.com/rafaribe/reaplet/internal/interfaces/http/handler.go:67.78,69.16 2 1
github.com/rafaribe/reaplet/internal/interfaces/http/handler.go:69.16,72.3 2 0
github.com/rafaribe/reaplet/internal/interfaces/http/handler.go:73.2,73.35 1 1
github.com/rafaribe/reaplet/internal/interfaces/http/handler.go:76.68,78.61 2 2
github.com/rafaribe/reaplet/internal/interfaces/http/handler.go:78.61,81.3 2 1
github.com/rafaribe/reaplet/internal/interfaces/http/handler.go:82.2,83.16 2 1
github.com/rafaribe/reaplet/internal/interfaces/http/handler.go:83.16,86.3 2 0
github.com/rafaribe/reaplet/internal/interfaces/http/handler.go:87.2,87.37 1 1
github.com/rafaribe/reaplet/internal/interfaces/http/handler.go:90.71,92.61 2 2
github.com/rafaribe/reaplet/internal/interfaces/http/handler.go:92.61,95.3 2 1
github.com/rafaribe/reaplet/internal/interfaces/http/handler.go:96.2,97.16 2 1
github.com/rafaribe/reaplet/internal/interfaces/http/handler.go:97.16,100.3 2 0
github.com/rafaribe/reaplet/internal/interfaces/http/handler.go:101.2,101.37 1 1
github.com/rafaribe/reaplet/internal/interfaces/http/handler.go:104.58,108.2 3 11
github.com/rafaribe/reaplet/internal/interfaces/http/handler.go:110.68,112.2 1 4
github.com/rafaribe/reaplet/internal/usecase/usecase.go:17.107,22.2 1 9
github.com/rafaribe/reaplet/internal/usecase/usecase.go:24.76,26.2 1 2
github.com/rafaribe/reaplet/internal/usecase/usecase.go:28.87,30.2 1 2
github.com/rafaribe/reaplet/internal/usecase/usecase.go:32.99,33.16 1 2
github.com/rafaribe/reaplet/internal/usecase/usecase.go:33.16,35.3 1 1
github.com/rafaribe/reaplet/internal/usecase/usecase.go:36.2,36.46 1 2
github.com/rafaribe/reaplet/internal/usecase/usecase.go:40.98,42.16 2 3
github.com/rafaribe/reaplet/internal/usecase/usecase.go:42.16,44.3 1 1
github.com/rafaribe/reaplet/internal/usecase/usecase.go:46.2,48.29 2 2
github.com/rafaribe/reaplet/internal/usecase/usecase.go:48.29,49.35 1 2
github.com/rafaribe/reaplet/internal/usecase/usecase.go:49.35,50.17 1 5
github.com/rafaribe/reaplet/internal/usecase/usecase.go:50.17,51.13 1 3
github.com/rafaribe/reaplet/internal/usecase/usecase.go:53.4,54.37 2 2
github.com/rafaribe/reaplet/internal/usecase/usecase.go:54.37,56.5 1 1
github.com/rafaribe/reaplet/internal/usecase/usecase.go:57.4,62.6 1 2
github.com/rafaribe/reaplet/internal/usecase/usecase.go:67.2,67.50 1 2
github.com/rafaribe/reaplet/internal/usecase/usecase.go:67.50,69.3 1 1
github.com/rafaribe/reaplet/internal/usecase/usecase.go:71.2,71.29 1 2
github.com/rafaribe/reaplet/internal/usecase/usecase.go:80.123,85.2 1 4
github.com/rafaribe/reaplet/internal/usecase/usecase.go:87.114,89.2 1 2
github.com/rafaribe/reaplet/internal/usecase/usecase.go:91.125,93.2 1 2
github.com/rafaribe/reaplet/internal/infrastructure/cri/image_repository.go:27.61,28.22 1 0
github.com/rafaribe/reaplet/internal/infrastructure/cri/image_repository.go:28.22,30.3 1 0
github.com/rafaribe/reaplet/internal/infrastructure/cri/image_repository.go:31.2,31.49 1 0
github.com/rafaribe/reaplet/internal/infrastructure/cri/image_repository.go:34.113,42.16 4 0
github.com/rafaribe/reaplet/internal/infrastructure/cri/image_repository.go:42.16,44.3 1 0
github.com/rafaribe/reaplet/internal/infrastructure/cri/image_repository.go:45.2,45.58 1 0
github.com/rafaribe/reaplet/internal/infrastructure/cri/image_repository.go:48.101,50.16 2 0
github.com/rafaribe/reaplet/internal/infrastructure/cri/image_repository.go:50.16,52.3 1 0
github.com/rafaribe/reaplet/internal/infrastructure/cri/image_repository.go:53.2,56.16 3 0
github.com/rafaribe/reaplet/internal/infrastructure/cri/image_repository.go:56.16,58.3 1 0
github.com/rafaribe/reaplet/internal/infrastructure/cri/image_repository.go:60.2,61.34 2 0
github.com/rafaribe/reaplet/internal/infrastructure/cri/image_repository.go:61.34,71.3 4 0
github.com/rafaribe/reaplet/internal/infrastructure/cri/image_repository.go:72.2,72.20 1 0
github.com/rafaribe/reaplet/internal/infrastructure/cri/image_repository.go:75.126,77.16 2 0
github.com/rafaribe/reaplet/internal/infrastructure/cri/image_repository.go:77.16,84.3 1 0
github.com/rafaribe/reaplet/internal/infrastructure/cri/image_repository.go:85.2,92.44 4 0
github.com/rafaribe/reaplet/internal/infrastructure/cri/image_repository.go:92.44,94.3 1 0
github.com/rafaribe/reaplet/internal/infrastructure/cri/image_repository.go:96.2,99.16 2 0
github.com/rafaribe/reaplet/internal/infrastructure/cri/image_repository.go:99.16,106.3 1 0
github.com/rafaribe/reaplet/internal/infrastructure/cri/image_repository.go:108.2,113.8 1 0
github.com/rafaribe/reaplet/cmd/reaplet/main.go:23.13,28.16 4 0
github.com/rafaribe/reaplet/cmd/reaplet/main.go:28.16,30.3 1 0
github.com/rafaribe/reaplet/cmd/reaplet/main.go:32.2,36.16 3 0
github.com/rafaribe/reaplet/cmd/reaplet/main.go:36.16,39.3 2 0
github.com/rafaribe/reaplet/cmd/reaplet/main.go:42.2,62.16 14 0
github.com/rafaribe/reaplet/cmd/reaplet/main.go:62.16,65.3 2 0
github.com/rafaribe/reaplet/cmd/reaplet/main.go:66.2,69.73 3 0
github.com/rafaribe/reaplet/cmd/reaplet/main.go:69.73,72.3 2 0
github.com/rafaribe/reaplet/internal/infrastructure/k8s/client.go:13.48,15.16 2 0
github.com/rafaribe/reaplet/internal/infrastructure/k8s/client.go:15.16,18.17 2 0
github.com/rafaribe/reaplet/internal/infrastructure/k8s/client.go:18.17,20.4 1 0
github.com/rafaribe/reaplet/internal/infrastructure/k8s/client.go:23.2,24.16 2 0
github.com/rafaribe/reaplet/internal/infrastructure/k8s/client.go:24.16,26.3 1 0
github.com/rafaribe/reaplet/internal/infrastructure/k8s/client.go:28.2,28.23 1 0
github.com/rafaribe/reaplet/internal/infrastructure/k8s/events_repository.go:21.75,23.2 1 0
github.com/rafaribe/reaplet/internal/infrastructure/k8s/events_repository.go:25.102,29.16 2 0
github.com/rafaribe/reaplet/internal/infrastructure/k8s/events_repository.go:29.16,34.17 2 0
github.com/rafaribe/reaplet/internal/infrastructure/k8s/events_repository.go:34.17,36.4 1 0
github.com/rafaribe/reaplet/internal/infrastructure/k8s/events_repository.go:39.2,41.43 2 0
github.com/rafaribe/reaplet/internal/infrastructure/k8s/events_repository.go:41.43,43.3 1 0
github.com/rafaribe/reaplet/internal/infrastructure/k8s/events_repository.go:45.2,45.27 1 0
github.com/rafaribe/reaplet/internal/infrastructure/k8s/events_repository.go:45.27,47.3 1 0
github.com/rafaribe/reaplet/internal/infrastructure/k8s/events_repository.go:48.2,48.22 1 0
github.com/rafaribe/reaplet/internal/infrastructure/k8s/events_repository.go:51.120,55.16 2 0
github.com/rafaribe/reaplet/internal/infrastructure/k8s/events_repository.go:55.16,57.3 1 0
github.com/rafaribe/reaplet/internal/infrastructure/k8s/events_repository.go:59.2,61.43 2 0
github.com/rafaribe/reaplet/internal/infrastructure/k8s/events_repository.go:61.43,63.3 1 0
github.com/rafaribe/reaplet/internal/infrastructure/k8s/events_repository.go:65.2,65.27 1 0
github.com/rafaribe/reaplet/internal/infrastructure/k8s/events_repository.go:65.27,67.3 1 0
github.com/rafaribe/reaplet/internal/infrastructure/k8s/events_repository.go:68.2,68.22 1 0
github.com/rafaribe/reaplet/internal/infrastructure/k8s/events_repository.go:71.60,81.27 3 4
github.com/rafaribe/reaplet/internal/infrastructure/k8s/events_repository.go:81.27,82.27 1 9
github.com/rafaribe/reaplet/internal/infrastructure/k8s/events_repository.go:82.27,83.12 1 5
github.com/rafaribe/reaplet/internal/infrastructure/k8s/events_repository.go:85.3,86.18 2 4
github.com/rafaribe/reaplet/internal/infrastructure/k8s/events_repository.go:86.18,88.4 1 1
github.com/rafaribe/reaplet/internal/infrastructure/k8s/events_repository.go:89.3,93.5 1 4
github.com/rafaribe/reaplet/internal/infrastructure/k8s/events_repository.go:95.2,95.17 1 4
github.com/rafaribe/reaplet/internal/infrastructure/k8s/events_repository.go:103.77,105.2 1 0
github.com/rafaribe/reaplet/internal/infrastructure/k8s/events_repository.go:107.115,116.16 3 0
github.com/rafaribe/reaplet/internal/infrastructure/k8s/events_repository.go:116.16,123.3 1 0
github.com/rafaribe/reaplet/internal/infrastructure/k8s/events_repository.go:125.2,129.8 1 0
github.com/rafaribe/reaplet/internal/infrastructure/k8s/node_repository.go:19.69,21.2 1 0
github.com/rafaribe/reaplet/internal/infrastructure/k8s/node_repository.go:23.76,25.16 2 0
github.com/rafaribe/reaplet/internal/infrastructure/k8s/node_repository.go:25.16,27.3 1 0
github.com/rafaribe/reaplet/internal/infrastructure/k8s/node_repository.go:30.2,33.16 2 0
github.com/rafaribe/reaplet/internal/infrastructure/k8s/node_repository.go:33.16,35.3 1 0
github.com/rafaribe/reaplet/internal/infrastructure/k8s/node_repository.go:37.2,40.35 3 0
github.com/rafaribe/reaplet/internal/infrastructure/k8s/node_repository.go:40.35,42.3 1 0
github.com/rafaribe/reaplet/internal/infrastructure/k8s/node_repository.go:43.2,43.19 1 0
github.com/rafaribe/reaplet/internal/infrastructure/k8s/node_repository.go:46.91,48.16 2 0
github.com/rafaribe/reaplet/internal/infrastructure/k8s/node_repository.go:48.16,50.3 1 0
github.com/rafaribe/reaplet/internal/infrastructure/k8s/node_repository.go:52.2,55.16 2 0
github.com/rafaribe/reaplet/internal/infrastructure/k8s/node_repository.go:55.16,57.3 1 0
github.com/rafaribe/reaplet/internal/infrastructure/k8s/node_repository.go:59.2,61.19 3 0
github.com/rafaribe/reaplet/internal/infrastructure/k8s/node_repository.go:64.69,68.38 3 2
github.com/rafaribe/reaplet/internal/infrastructure/k8s/node_repository.go:68.38,70.34 2 3
github.com/rafaribe/reaplet/internal/infrastructure/k8s/node_repository.go:70.34,71.25 1 3
github.com/rafaribe/reaplet/internal/infrastructure/k8s/node_repository.go:71.25,73.10 2 2
github.com/rafaribe/reaplet/internal/infrastructure/k8s/node_repository.go:76.3,81.5 2 3
github.com/rafaribe/reaplet/internal/infrastructure/k8s/node_repository.go:84.2,96.3 3 2
github.com/rafaribe/reaplet/internal/infrastructure/k8s/node_repository.go:99.66,101.20 2 3
github.com/rafaribe/reaplet/internal/infrastructure/k8s/node_repository.go:101.20,103.3 1 1
github.com/rafaribe/reaplet/internal/infrastructure/k8s/node_repository.go:104.2,104.36 1 2
github.com/rafaribe/reaplet/internal/infrastructure/k8s/node_repository.go:104.36,105.51 1 2
github.com/rafaribe/reaplet/internal/infrastructure/k8s/node_repository.go:105.51,106.24 1 3
github.com/rafaribe/reaplet/internal/infrastructure/k8s/node_repository.go:106.24,109.5 2 2
github.com/rafaribe/reaplet/internal/infrastructure/k8s/node_repository.go:112.2,112.14 1 2
